MySQL Shell 8.0.37

Copyright (c) 2016, 2024, Oracle and/or its affiliates.
Oracle is a registered trademark of Oracle Corporation and/or its affiliates.
Other names may be trademarks of their respective owners.

Type '\help' or '\?' for help; '\quit' to exit.
 MySQL  JS > \sql
Switching to SQL mode... Commands end with ;
 MySQL  SQL > \connect --mc root@localhost
Creating a Classic session to 'root@localhost'
Fetching global names for auto-completion... Press ^C to stop.
Your MySQL connection id is 67
Server version: 8.0.37 MySQL Community Server - GPL
No default schema selected; type \use <schema> to set one.
 MySQL  localhost:3306 ssl  SQL > use tbd_eva3;
Default schema set to `tbd_eva3`.
Fetching global names, object names from `tbd_eva3` for auto-completion... Press ^C to stop.
 MySQL  localhost:3306 ssl  tbd_eva3  SQL > call insertar_producto("galletas");                                     call insertar_producto("galletas");
ERROR: 1305 (42000): PROCEDURE tbd_eva3.insertar_producto does not exist
 MySQL  localhost:3306 ssl  tbd_eva3  SQL > call insertar_producto("galletas");
ERROR: 1054 (42S22): Unknown column 'nom' in 'field list'
 MySQL  localhost:3306 ssl  tbd_eva3  SQL > call insertar_producto("galletas");
Query OK, 1 row affected (0.0081 sec)
 MySQL  localhost:3306 ssl  tbd_eva3  SQL > select * from productos;
+----+----------+
| id | nombre   |
+----+----------+
|  1 | elotes   |
|  2 | galletas |
+----+----------+
2 rows in set (0.0013 sec)
 MySQL  localhost:3306 ssl  tbd_eva3  SQL > show databases;
+--------------------+
| Database           |
+--------------------+
| empresa2           |
| hospital           |
| information_schema |
| mysql              |
| performance_schema |
| sakila             |
| sys                |
| tbd_e1             |
| tbd_e2             |
| tbd_eva3           |
| vet                |
| veterinaria        |
| world              |
+--------------------+
13 rows in set (0.0021 sec)
 MySQL  localhost:3306 ssl  tbd_eva3  SQL > create table prieba(id int key not null);
Query OK, 0 rows affected (0.0517 sec)
 MySQL  localhost:3306 ssl  tbd_eva3  SQL > frdv prueba;
ERROR: 1064 (42000): You have an error in your SQL syntax; check the manual that corresponds to your MySQL server version for the right syntax to use near 'frdv prueba' at line 1
 MySQL  localhost:3306 ssl  tbd_eva3  SQL > desc prueba;
ERROR: 1146 (42S02): Table 'tbd_eva3.prueba' doesn't exist
 MySQL  localhost:3306 ssl  tbd_eva3  SQL > drop table prieba;
Query OK, 0 rows affected (0.0239 sec)
 MySQL  localhost:3306 ssl  tbd_eva3  SQL > create table prueba(id int key not null);
Query OK, 0 rows affected (0.0283 sec)
 MySQL  localhost:3306 ssl  tbd_eva3  SQL > DESC PRUEBA;
+-------+------+------+-----+---------+-------+
| Field | Type | Null | Key | Default | Extra |
+-------+------+------+-----+---------+-------+
| id    | int  | NO   | PRI | NULL    |       |
+-------+------+------+-----+---------+-------+
1 row in set (0.0041 sec)
 MySQL  localhost:3306 ssl  tbd_eva3  SQL > call insertar_prueba(1);
+-------------------------------+
| Mensaje                       |
+-------------------------------+
| CLAVE CORRECTAMENTE INSERTADA |
+-------------------------------+
1 row in set (0.0068 sec)

Query OK, 0 rows affected (0.0068 sec)
 MySQL  localhost:3306 ssl  tbd_eva3  SQL > call insertar_prueba(1);
+------------------------+
| Mensaje                |
+------------------------+
| ERROR: CLAVE DUPLICADA |
+------------------------+
1 row in set (0.0045 sec)

Query OK, 0 rows affected (0.0045 sec)
 MySQL  localhost:3306 ssl  tbd_eva3  SQL > use empresa2;
Default schema set to `empresa2`.
Fetching global names, object names from `empresa2` for auto-completion... Press ^C to stop.
 MySQL  localhost:3306 ssl  empresa2  SQL > desc countries;
+--------------+---------------+------+-----+---------+-------+
| Field        | Type          | Null | Key | Default | Extra |
+--------------+---------------+------+-----+---------+-------+
| COUNTRY_ID   | varchar(2)    | NO   | PRI | NULL    |       |
| COUNTRY_NAME | varchar(40)   | YES  |     | NULL    |       |
| REGION_ID    | decimal(10,0) | YES  | MUL | NULL    |       |
+--------------+---------------+------+-----+---------+-------+
3 rows in set (0.0027 sec)
 MySQL  localhost:3306 ssl  empresa2  SQL > select @valor=0;
+----------+
| @valor=0 |
+----------+
|     NULL |
+----------+
1 row in set (0.0032 sec)
 MySQL  localhost:3306 ssl  empresa2  SQL > set @valor=0;
Query OK, 0 rows affected (0.0006 sec)
 MySQL  localhost:3306 ssl  empresa2  SQL > call contar_paises(@valor);
ERROR: 1054 (42S22): Unknown column 'terminar' in 'field list'
 MySQL  localhost:3306 ssl  empresa2  SQL > call contar_paises(@valor);
ERROR: 1054 (42S22): Unknown column 'terminar' in 'field list'
 MySQL  localhost:3306 ssl  empresa2  SQL > call contar_paises(@valor);
Query OK, 0 rows affected (0.0042 sec)
 MySQL  localhost:3306 ssl  empresa2  SQL > select @valor;
+--------+
| @valor |
+--------+
|     29 |
+--------+
1 row in set (0.0005 sec)
 MySQL  localhost:3306 ssl  empresa2  SQL > select * from countries;
+------------+--------------------------+-----------+
| COUNTRY_ID | COUNTRY_NAME             | REGION_ID |
+------------+--------------------------+-----------+
| AR         | Argentina                |         2 |
| AU         | Australia                |         3 |
| BE         | Belgium                  |         1 |
| BR         | Brazil                   |         2 |
| CA         | Canada                   |         2 |
| CH         | Switzerland              |         1 |
| CN         | China                    |         3 |
| DE         | Germany                  |         1 |
| DK         | Denmark                  |         1 |
| DP         | SIN PAIS                 |         1 |
| EG         | Egypt                    |         4 |
| FR         | France                   |         1 |
| HK         | HongKong                 |         3 |
| IL         | Israel                   |         4 |
| IN         | India                    |         3 |
| IT         | Italy                    |         1 |
| JP         | Japan                    |         3 |
| KW         | Kuwait                   |         4 |
| MX         | Mexico                   |         2 |
| NG         | Nigeria                  |         4 |
| NL         | Netherlands              |         1 |
| PG         | PANGUEA                  |      NULL |
| PV         | MARCA                    |         1 |
| SG         | Singapore                |         3 |
| UK         | United Kingdom           |         1 |
| US         | United States of America |         2 |
| ZM         | Zambia                   |         4 |
| ZW         | Zimbabwe                 |         4 |
+------------+--------------------------+-----------+
28 rows in set (0.0012 sec)
 MySQL  localhost:3306 ssl  empresa2  SQL >